// Jest Snapshot v1, https://goo.gl/fbAQLP

exports[`Button should render a button snapshot 1`] = `
<button
  class="flex items-center justify-center gap-2 rounded w-max focus:ring-2 focus:ring-primary outline-none bg-gradient-to-b from-red to-primary p-2 text-white duration-150 hover:brightness-110 active:bg-gradient-to-b active:from-red/80 active:to-primary/80 text-sm h-10 px-8 [&>svg]:w-5 [&>svg]:h-5"
>
  test
</button>
`;

exports[`Button should render a button snapshot 2`] = `
<button
  class="flex items-center justify-center gap-2 rounded w-max focus:ring-2 focus:ring-primary outline-none bg-gradient-to-b from-red to-primary p-2 text-white duration-150 hover:brightness-110 active:bg-gradient-to-b active:from-red/80 active:to-primary/80 text-sm h-10 px-8 [&>svg]:w-5 [&>svg]:h-5"
>
  test
</button>
`;
