// Jest Snapshot v1, https://goo.gl/fbAQLP

exports[`Main should render a snapshot 1`] = `
<main
  class="flex min-h-screen flex-col items-center justify-center space-y-8 bg-zinc-100 p-24 dark:bg-zinc-900"
>
  <h1
    class="text-custom text-4xl font-bold"
  >
    Next Boilerplate Tailwind
  </h1>
  <img
    alt="Logo"
    data-nimg="1"
    decoding="async"
    height="40"
    loading="lazy"
    src="/logo.svg"
    style="color: transparent;"
    width="300"
  />
</main>
`;
